// Jest Snapshot v1, https://goo.gl/fbAQLP

exports[`actions switchActiveView 1`] = `
Object {
  "type": "SWITCH_ACTIVE_VIEW",
}
`;
